Archive member included to satisfy reference by file (symbol)

d:/st/stm32cubeide_1.5.0/stm32cubeide/plugins/com.st.stm32cube.ide.mcu.externaltools.gnu-tools-for-stm32.7-2018-q2-update.win32_1.5.0.202011040924/tools/bin/../lib/gcc/arm-none-eabi/7.3.1/../../../../arm-none-eabi/lib/thumb/v7-m\libc_nano.a(lib_a-errno.o)
                              Core/Src/syscalls.o (__errno)
d:/st/stm32cubeide_1.5.0/stm32cubeide/plugins/com.st.stm32cube.ide.mcu.externaltools.gnu-tools-for-stm32.7-2018-q2-update.win32_1.5.0.202011040924/tools/bin/../lib/gcc/arm-none-eabi/7.3.1/../../../../arm-none-eabi/lib/thumb/v7-m\libc_nano.a(lib_a-exit.o)
                              d:/st/stm32cubeide_1.5.0/stm32cubeide/plugins/com.st.stm32cube.ide.mcu.externaltools.gnu-tools-for-stm32.7-2018-q2-update.win32_1.5.0.202011040924/tools/bin/../lib/gcc/arm-none-eabi/7.3.1/../../../../arm-none-eabi/lib/thumb/v7-m/crt0.o (exit)
d:/st/stm32cubeide_1.5.0/stm32cubeide/plugins/com.st.stm32cube.ide.mcu.externaltools.gnu-tools-for-stm32.7-2018-q2-update.win32_1.5.0.202011040924/tools/bin/../lib/gcc/arm-none-eabi/7.3.1/../../../../arm-none-eabi/lib/thumb/v7-m\libc_nano.a(lib_a-impure.o)
                              d:/st/stm32cubeide_1.5.0/stm32cubeide/plugins/com.st.stm32cube.ide.mcu.externaltools.gnu-tools-for-stm32.7-2018-q2-update.win32_1.5.0.202011040924/tools/bin/../lib/gcc/arm-none-eabi/7.3.1/../../../../arm-none-eabi/lib/thumb/v7-m\libc_nano.a(lib_a-exit.o) (_global_impure_ptr)
d:/st/stm32cubeide_1.5.0/stm32cubeide/plugins/com.st.stm32cube.ide.mcu.externaltools.gnu-tools-for-stm32.7-2018-q2-update.win32_1.5.0.202011040924/tools/bin/../lib/gcc/arm-none-eabi/7.3.1/../../../../arm-none-eabi/lib/thumb/v7-m\libc_nano.a(lib_a-init.o)
                              d:/st/stm32cubeide_1.5.0/stm32cubeide/plugins/com.st.stm32cube.ide.mcu.externaltools.gnu-tools-for-stm32.7-2018-q2-update.win32_1.5.0.202011040924/tools/bin/../lib/gcc/arm-none-eabi/7.3.1/../../../../arm-none-eabi/lib/thumb/v7-m/crt0.o (__libc_init_array)
d:/st/stm32cubeide_1.5.0/stm32cubeide/plugins/com.st.stm32cube.ide.mcu.externaltools.gnu-tools-for-stm32.7-2018-q2-update.win32_1.5.0.202011040924/tools/bin/../lib/gcc/arm-none-eabi/7.3.1/../../../../arm-none-eabi/lib/thumb/v7-m\libc_nano.a(lib_a-memset.o)
                              d:/st/stm32cubeide_1.5.0/stm32cubeide/plugins/com.st.stm32cube.ide.mcu.externaltools.gnu-tools-for-stm32.7-2018-q2-update.win32_1.5.0.202011040924/tools/bin/../lib/gcc/arm-none-eabi/7.3.1/../../../../arm-none-eabi/lib/thumb/v7-m/crt0.o (memset)
d:/st/stm32cubeide_1.5.0/stm32cubeide/plugins/com.st.stm32cube.ide.mcu.externaltools.gnu-tools-for-stm32.7-2018-q2-update.win32_1.5.0.202011040924/tools/bin/../lib/gcc/arm-none-eabi/7.3.1/../../../../arm-none-eabi/lib/thumb/v7-m\libc_nano.a(lib_a-strlen.o)
                              Core/Src/main.o (strlen)

Allocating common symbols
Common symbol       size              file

uwTick              0x4               Drivers/STM32F1xx_HAL_Driver/Src/stm32f1xx_hal.o
pFlash              0x20              Drivers/STM32F1xx_HAL_Driver/Src/stm32f1xx_hal_flash.o
huart1              0x40              Core/Src/main.o
buf                 0x14              Core/Src/main.o

Discarded input sections

 .text          0x0000000000000000        0x0 d:/st/stm32cubeide_1.5.0/stm32cubeide/plugins/com.st.stm32cube.ide.mcu.externaltools.gnu-tools-for-stm32.7-2018-q2-update.win32_1.5.0.202011040924/tools/bin/../lib/gcc/arm-none-eabi/7.3.1/thumb/v7-m/crti.o
 .data          0x0000000000000000        0x0 d:/st/stm32cubeide_1.5.0/stm32cubeide/plugins/com.st.stm32cube.ide.mcu.externaltools.gnu-tools-for-stm32.7-2018-q2-update.win32_1.5.0.202011040924/tools/bin/../lib/gcc/arm-none-eabi/7.3.1/thumb/v7-m/crti.o
 .bss           0x0000000000000000        0x0 d:/st/stm32cubeide_1.5.0/stm32cubeide/plugins/com.st.stm32cube.ide.mcu.externaltools.gnu-tools-for-stm32.7-2018-q2-update.win32_1.5.0.202011040924/tools/bin/../lib/gcc/arm-none-eabi/7.3.1/thumb/v7-m/crti.o
 .data          0x0000000000000000        0x4 d:/st/stm32cubeide_1.5.0/stm32cubeide/plugins/com.st.stm32cube.ide.mcu.externaltools.gnu-tools-for-stm32.7-2018-q2-update.win32_1.5.0.202011040924/tools/bin/../lib/gcc/arm-none-eabi/7.3.1/thumb/v7-m/crtbegin.o
 .text          0x0000000000000000       0x74 d:/st/stm32cubeide_1.5.0/stm32cubeide/plugins/com.st.stm32cube.ide.mcu.externaltools.gnu-tools-for-stm32.7-2018-q2-update.win32_1.5.0.202011040924/tools/bin/../lib/gcc/arm-none-eabi/7.3.1/../../../../arm-none-eabi/lib/thumb/v7-m/crt0.o
 .data          0x0000000000000000        0x0 d:/st/stm32cubeide_1.5.0/stm32cubeide/plugins/com.st.stm32cube.ide.mcu.externaltools.gnu-tools-for-stm32.7-2018-q2-update.win32_1.5.0.202011040924/tools/bin/../lib/gcc/arm-none-eabi/7.3.1/../../../../arm-none-eabi/lib/thumb/v7-m/crt0.o
[...]
Memory Configuration

Name             Origin             Length             Attributes
RAM              0x0000000020000000 0x0000000000005000 xrw
FLASH            0x0000000008000000 0x0000000000010000 xr
*default*        0x0000000000000000 0xffffffffffffffff

Linker script and memory map

LOAD d:/st/stm32cubeide_1.5.0/stm32cubeide/plugins/com.st.stm32cube.ide.mcu.externaltools.gnu-tools-for-stm32.7-2018-q2-update.win32_1.5.0.202011040924/tools/bin/../lib/gcc/arm-none-eabi/7.3.1/thumb/v7-m/crti.o
LOAD d:/st/stm32cubeide_1.5.0/stm32cubeide/plugins/com.st.stm32cube.ide.mcu.externaltools.gnu-tools-for-stm32.7-2018-q2-update.win32_1.5.0.202011040924/tools/bin/../lib/gcc/arm-none-eabi/7.3.1/thumb/v7-m/crtbegin.o
LOAD d:/st/stm32cubeide_1.5.0/stm32cubeide/plugins/com.st.stm32cube.ide.mcu.externaltools.gnu-tools-for-stm32.7-2018-q2-update.win32_1.5.0.202011040924/tools/bin/../lib/gcc/arm-none-eabi/7.3.1/../../../../arm-none-eabi/lib/thumb/v7-m/crt0.o
LOAD Core/Src/main.o
LOAD Core/Src/stm32f1xx_hal_msp.o
LOAD Core/Src/stm32f1xx_it.o
LOAD Core/Src/syscalls.o
LOAD Core/Src/sysmem.o
LOAD Core/Src/system_stm32f1xx.o
LOAD Core/Startup/startup_stm32f103c8tx.o
LOAD Drivers/STM32F1xx_HAL_Driver/Src/stm32f1xx_hal.o
LOAD Drivers/STM32F1xx_HAL_Driver/Src/stm32f1xx_hal_cortex.o
LOAD Drivers/STM32F1xx_HAL_Driver/Src/stm32f1xx_hal_dma.o
LOAD Drivers/STM32F1xx_HAL_Driver/Src/stm32f1xx_hal_exti.o
LOAD Drivers/STM32F1xx_HAL_Driver/Src/stm32f1xx_hal_flash.o
LOAD Drivers/STM32F1xx_HAL_Driver/Src/stm32f1xx_hal_flash_ex.o
LOAD Drivers/STM32F1xx_HAL_Driver/Src/stm32f1xx_hal_gpio.o
LOAD Drivers/STM32F1xx_HAL_Driver/Src/stm32f1xx_hal_gpio_ex.o
LOAD Drivers/STM32F1xx_HAL_Driver/Src/stm32f1xx_hal_pwr.o
LOAD Drivers/STM32F1xx_HAL_Driver/Src/stm32f1xx_hal_rcc.o
LOAD Drivers/STM32F1xx_HAL_Driver/Src/stm32f1xx_hal_rcc_ex.o
LOAD Drivers/STM32F1xx_HAL_Driver/Src/stm32f1xx_hal_tim.o
LOAD Drivers/STM32F1xx_HAL_Driver/Src/stm32f1xx_hal_tim_ex.o
LOAD Drivers/STM32F1xx_HAL_Driver/Src/stm32f1xx_hal_uart.o
START GROUP
LOAD d:/st/stm32cubeide_1.5.0/stm32cubeide/plugins/com.st.stm32cube.ide.mcu.externaltools.gnu-tools-for-stm32.7-2018-q2-update.win32_1.5.0.202011040924/tools/bin/../lib/gcc/arm-none-eabi/7.3.1/../../../../arm-none-eabi/lib/thumb/v7-m\libc_nano.a
LOAD d:/st/stm32cubeide_1.5.0/stm32cubeide/plugins/com.st.stm32cube.ide.mcu.externaltools.gnu-tools-for-stm32.7-2018-q2-update.win32_1.5.0.202011040924/tools/bin/../lib/gcc/arm-none-eabi/7.3.1/../../../../arm-none-eabi/lib/thumb/v7-m\libm.a
END GROUP
START GROUP
LOAD d:/st/stm32cubeide_1.5.0/stm32cubeide/plugins/com.st.stm32cube.ide.mcu.externaltools.gnu-tools-for-stm32.7-2018-q2-update.win32_1.5.0.202011040924/tools/bin/../lib/gcc/arm-none-eabi/7.3.1/thumb/v7-m\libgcc.a
LOAD d:/st/stm32cubeide_1.5.0/stm32cubeide/plugins/com.st.stm32cube.ide.mcu.externaltools.gnu-tools-for-stm32.7-2018-q2-update.win32_1.5.0.202011040924/tools/bin/../lib/gcc/arm-none-eabi/7.3.1/../../../../arm-none-eabi/lib/thumb/v7-m\libc_nano.a
END GROUP
START GROUP
LOAD d:/st/stm32cubeide_1.5.0/stm32cubeide/plugins/com.st.stm32cube.ide.mcu.externaltools.gnu-tools-for-stm32.7-2018-q2-update.win32_1.5.0.202011040924/tools/bin/../lib/gcc/arm-none-eabi/7.3.1/thumb/v7-m\libgcc.a
LOAD d:/st/stm32cubeide_1.5.0/stm32cubeide/plugins/com.st.stm32cube.ide.mcu.externaltools.gnu-tools-for-stm32.7-2018-q2-update.win32_1.5.0.202011040924/tools/bin/../lib/gcc/arm-none-eabi/7.3.1/../../../../arm-none-eabi/lib/thumb/v7-m\libc_nano.a
LOAD d:/st/stm32cubeide_1.5.0/stm32cubeide/plugins/com.st.stm32cube.ide.mcu.externaltools.gnu-tools-for-stm32.7-2018-q2-update.win32_1.5.0.202011040924/tools/bin/../lib/gcc/arm-none-eabi/7.3.1/../../../../arm-none-eabi/lib/thumb/v7-m\libnosys.a
END GROUP
START GROUP
LOAD d:/st/stm32cubeide_1.5.0/stm32cubeide/plugins/com.st.stm32cube.ide.mcu.externaltools.gnu-tools-for-stm32.7-2018-q2-update.win32_1.5.0.202011040924/tools/bin/../lib/gcc/arm-none-eabi/7.3.1/thumb/v7-m\libgcc.a
LOAD d:/st/stm32cubeide_1.5.0/stm32cubeide/plugins/com.st.stm32cube.ide.mcu.externaltools.gnu-tools-for-stm32.7-2018-q2-update.win32_1.5.0.202011040924/tools/bin/../lib/gcc/arm-none-eabi/7.3.1/../../../../arm-none-eabi/lib/thumb/v7-m\libc_nano.a
LOAD d:/st/stm32cubeide_1.5.0/stm32cubeide/plugins/com.st.stm32cube.ide.mcu.externaltools.gnu-tools-for-stm32.7-2018-q2-update.win32_1.5.0.202011040924/tools/bin/../lib/gcc/arm-none-eabi/7.3.1/../../../../arm-none-eabi/lib/thumb/v7-m\libnosys.a
END GROUP
LOAD d:/st/stm32cubeide_1.5.0/stm32cubeide/plugins/com.st.stm32cube.ide.mcu.externaltools.gnu-tools-for-stm32.7-2018-q2-update.win32_1.5.0.202011040924/tools/bin/../lib/gcc/arm-none-eabi/7.3.1/thumb/v7-m/crtend.o
LOAD d:/st/stm32cubeide_1.5.0/stm32cubeide/plugins/com.st.stm32cube.ide.mcu.externaltools.gnu-tools-for-stm32.7-2018-q2-update.win32_1.5.0.202011040924/tools/bin/../lib/gcc/arm-none-eabi/7.3.1/thumb/v7-m/crtn.o
                0x0000000020005000                _estack = (ORIGIN (RAM) + LENGTH (RAM))
                0x0000000000000200                _Min_Heap_Size = 0x200
                0x0000000000000400                _Min_Stack_Size = 0x400

.isr_vector     0x0000000008000000      0x10c
                0x0000000008000000                . = ALIGN (0x4)
 *(.isr_vector)
 .isr_vector    0x0000000008000000      0x10c Core/Startup/startup_stm32f103c8tx.o
                0x0000000008000000                g_pfnVectors
                0x000000000800010c                . = ALIGN (0x4)

.text           0x000000000800010c     0x1660
                0x000000000800010c                . = ALIGN (0x4)
 *(.text)
 .text          0x000000000800010c       0x40 d:/st/stm32cubeide_1.5.0/stm32cubeide/plugins/com.st.stm32cube.ide.mcu.externaltools.gnu-tools-for-stm32.7-2018-q2-update.win32_1.5.0.202011040924/tools/bin/../lib/gcc/arm-none-eabi/7.3.1/thumb/v7-m/crtbegin.o
 .text          0x000000000800014c       0x10 d:/st/stm32cubeide_1.5.0/stm32cubeide/plugins/com.st.stm32cube.ide.mcu.externaltools.gnu-tools-for-stm32.7-2018-q2-update.win32_1.5.0.202011040924/tools/bin/../lib/gcc/arm-none-eabi/7.3.1/../../../../arm-none-eabi/lib/thumb/v7-m\libc_nano.a(lib_a-strlen.o)
                0x000000000800014c                strlen
 *(.text*)
 .text.main     0x000000000800015c       0x68 Core/Src/main.o
                0x000000000800015c                main
 .text.SystemClock_Config
                0x00000000080001c4       0x8a Core/Src/main.o
                0x00000000080001c4                SystemClock_Config
 *fill*         0x000000000800024e        0x2 
 .text.MX_USART1_UART_Init
                0x0000000008000250       0x54 Core/Src/main.o
 .text.MX_GPIO_Init
                0x00000000080002a4       0x44 Core/Src/main.o
 .text.Error_Handler
                0x00000000080002e8        0x8 Core/Src/main.o
                0x00000000080002e8                Error_Handler
 .text.HAL_MspInit
                0x00000000080002f0       0x64 Core/Src/stm32f1xx_hal_msp.o
                0x00000000080002f0                HAL_MspInit
 .text.HAL_UART_MspInit
                0x0000000008000354       0x98 Core/Src/stm32f1xx_hal_msp.o
                0x0000000008000354                HAL_UART_MspInit
 .text.NMI_Handler
                0x00000000080003ec        0x6 Core/Src/stm32f1xx_it.o
                0x00000000080003ec                NMI_Handler
 .text.HardFault_Handler
                0x00000000080003f2        0x6 Core/Src/stm32f1xx_it.o
                0x00000000080003f2                HardFault_Handler
 .text.MemManage_Handler
                0x00000000080003f8        0x6 Core/Src/stm32f1xx_it.o
                0x00000000080003f8                MemManage_Handler
 .text.BusFault_Handler
                0x00000000080003fe        0x6 Core/Src/stm32f1xx_it.o
                0x00000000080003fe                BusFault_Handler
 .text.UsageFault_Handler
                0x0000000008000404        0x6 Core/Src/stm32f1xx_it.o
                0x0000000008000404                UsageFault_Handler
 .text.SVC_Handler
                0x000000000800040a        0xc Core/Src/stm32f1xx_it.o
                0x000000000800040a                SVC_Handler
 .text.DebugMon_Handler
                0x0000000008000416        0xc Core/Src/stm32f1xx_it.o
                0x0000000008000416                DebugMon_Handler
 .text.PendSV_Handler
                0x0000000008000422        0xc Core/Src/stm32f1xx_it.o
                0x0000000008000422                PendSV_Handler
 .text.SysTick_Handler
                0x000000000800042e        0xc Core/Src/stm32f1xx_it.o
                0x000000000800042e                SysTick_Handler
 .text.SystemInit
                0x000000000800043a        0xc Core/Src/system_stm32f1xx.o
                0x000000000800043a                SystemInit
 *fill*         0x0000000008000446        0x2 
 .text.Reset_Handler
                0x0000000008000448       0x48 Core/Startup/startup_stm32f103c8tx.o
                0x0000000008000448                Reset_Handler
 .text.Default_Handler
                0x0000000008000490        0x2 Core/Startup/startup_stm32f103c8tx.o
                0x0000000008000490                RTC_Alarm_IRQHandler
                0x0000000008000490                EXTI2_IRQHandler
                0x0000000008000490                TIM1_CC_IRQHandler
                0x0000000008000490                PVD_IRQHandler
                0x0000000008000490                EXTI3_IRQHandler
                0x0000000008000490                EXTI0_IRQHandler
                0x0000000008000490                I2C2_EV_IRQHandler
                0x0000000008000490                ADC1_2_IRQHandler
                0x0000000008000490                SPI1_IRQHandler
                0x0000000008000490                TAMPER_IRQHandler
                0x0000000008000490                DMA1_Channel4_IRQHandler
                0x0000000008000490                USART3_IRQHandler
                0x0000000008000490                RTC_IRQHandler
                0x0000000008000490                DMA1_Channel7_IRQHandler
                0x0000000008000490                CAN1_RX1_IRQHandler
                0x0000000008000490                TIM4_IRQHandler
                0x0000000008000490                I2C1_EV_IRQHandler
                0x0000000008000490                DMA1_Channel6_IRQHandler
                0x0000000008000490                TIM3_IRQHandler
                0x0000000008000490                RCC_IRQHandler
                0x0000000008000490                TIM1_TRG_COM_IRQHandler
                0x0000000008000490                DMA1_Channel1_IRQHandler
                0x0000000008000490                Default_Handler
                0x0000000008000490                EXTI15_10_IRQHandler
                0x0000000008000490                EXTI9_5_IRQHandler
                0x0000000008000490                SPI2_IRQHandler
                0x0000000008000490                DMA1_Channel5_IRQHandler
                0x0000000008000490                EXTI4_IRQHandler
                0x0000000008000490                USB_LP_CAN1_RX0_IRQHandler
                0x0000000008000490                USB_HP_CAN1_TX_IRQHandler
                0x0000000008000490                DMA1_Channel3_IRQHandler
                0x0000000008000490                TIM1_UP_IRQHandler
                0x0000000008000490                WWDG_IRQHandler
                0x0000000008000490                TIM2_IRQHandler
                0x0000000008000490                TIM1_BRK_IRQHandler
                0x0000000008000490                EXTI1_IRQHandler
                0x0000000008000490                USART2_IRQHandler
                0x0000000008000490                I2C2_ER_IRQHandler
                0x0000000008000490                DMA1_Channel2_IRQHandler
                0x0000000008000490                CAN1_SCE_IRQHandler
                0x0000000008000490                FLASH_IRQHandler
                0x0000000008000490                USART1_IRQHandler
                0x0000000008000490                I2C1_ER_IRQHandler
                0x0000000008000490                USBWakeUp_IRQHandler
 *fill*         0x0000000008000492        0x2 
 .text.HAL_Init
                0x0000000008000494       0x2c Drivers/STM32F1xx_HAL_Driver/Src/stm32f1xx_hal.o
                0x0000000008000494                HAL_Init
 .text.HAL_InitTick
                0x00000000080004c0       0x60 Drivers/STM32F1xx_HAL_Driver/Src/stm32f1xx_hal.o
                0x00000000080004c0                HAL_InitTick
 .text.HAL_IncTick
                0x0000000008000520       0x24 Drivers/STM32F1xx_HAL_Driver/Src/stm32f1xx_hal.o
                0x0000000008000520                HAL_IncTick
 .text.HAL_GetTick
                0x0000000008000544       0x14 Drivers/STM32F1xx_HAL_Driver/Src/stm32f1xx_hal.o
                0x0000000008000544                HAL_GetTick
 .text.HAL_Delay
                0x0000000008000558       0x44 Drivers/STM32F1xx_HAL_Driver/Src/stm32f1xx_hal.o
                0x0000000008000558                HAL_Delay
 .text.__NVIC_SetPriorityGrouping
                0x000000000800059c       0x48 Drivers/STM32F1xx_HAL_Driver/Src/stm32f1xx_hal_cortex.o
 .text.__NVIC_GetPriorityGrouping
                0x00000000080005e4       0x1c Drivers/STM32F1xx_HAL_Driver/Src/stm32f1xx_hal_cortex.o
 .text.__NVIC_SetPriority
                0x0000000008000600       0x54 Drivers/STM32F1xx_HAL_Driver/Src/stm32f1xx_hal_cortex.o
 .text.NVIC_EncodePriority
                0x0000000008000654       0x64 Drivers/STM32F1xx_HAL_Driver/Src/stm32f1xx_hal_cortex.o
 .text.SysTick_Config
                0x00000000080006b8       0x44 Drivers/STM32F1xx_HAL_Driver/Src/stm32f1xx_hal_cortex.o
 .text.HAL_NVIC_SetPriorityGrouping
                0x00000000080006fc       0x16 Drivers/STM32F1xx_HAL_Driver/Src/stm32f1xx_hal_cortex.o
                0x00000000080006fc                HAL_NVIC_SetPriorityGrouping
 .text.HAL_NVIC_SetPriority
                0x0000000008000712       0x38 Drivers/STM32F1xx_HAL_Driver/Src/stm32f1xx_hal_cortex.o
                0x0000000008000712                HAL_NVIC_SetPriority
 .text.HAL_SYSTICK_Config
                0x000000000800074a       0x18 Drivers/STM32F1xx_HAL_Driver/Src/stm32f1xx_hal_cortex.o
                0x000000000800074a                HAL_SYSTICK_Config
 *fill*         0x0000000008000762        0x2 
 .text.HAL_GPIO_Init
                0x0000000008000764      0x2b4 Drivers/STM32F1xx_HAL_Driver/Src/stm32f1xx_hal_gpio.o
                0x0000000008000764                HAL_GPIO_Init
 .text.HAL_RCC_OscConfig
                0x0000000008000a18      0x500 Drivers/STM32F1xx_HAL_Driver/Src/stm32f1xx_hal_rcc.o
                0x0000000008000a18                HAL_RCC_OscConfig
 .text.HAL_RCC_ClockConfig
                0x0000000008000f18      0x1d4 Drivers/STM32F1xx_HAL_Driver/Src/stm32f1xx_hal_rcc.o
                0x0000000008000f18                HAL_RCC_ClockConfig
 .text.HAL_RCC_GetSysClockFreq
                0x00000000080010ec       0xc4 Drivers/STM32F1xx_HAL_Driver/Src/stm32f1xx_hal_rcc.o
                0x00000000080010ec                HAL_RCC_GetSysClockFreq
 .text.HAL_RCC_GetHCLKFreq
                0x00000000080011b0       0x14 Drivers/STM32F1xx_HAL_Driver/Src/stm32f1xx_hal_rcc.o
                0x00000000080011b0                HAL_RCC_GetHCLKFreq
 .text.HAL_RCC_GetPCLK1Freq
                0x00000000080011c4       0x28 Drivers/STM32F1xx_HAL_Driver/Src/stm32f1xx_hal_rcc.o
                0x00000000080011c4                HAL_RCC_GetPCLK1Freq
 .text.HAL_RCC_GetPCLK2Freq
                0x00000000080011ec       0x28 Drivers/STM32F1xx_HAL_Driver/Src/stm32f1xx_hal_rcc.o
                0x00000000080011ec                HAL_RCC_GetPCLK2Freq
 .text.RCC_Delay
                0x0000000008001214       0x3c Drivers/STM32F1xx_HAL_Driver/Src/stm32f1xx_hal_rcc.o
 .text.HAL_UART_Init
                0x0000000008001250       0x9a Drivers/STM32F1xx_HAL_Driver/Src/stm32f1xx_hal_uart.o
                0x0000000008001250                HAL_UART_Init
 .text.HAL_UART_Transmit
                0x00000000080012ea      0x124 Drivers/STM32F1xx_HAL_Driver/Src/stm32f1xx_hal_uart.o
                0x00000000080012ea                HAL_UART_Transmit
 .text.HAL_UART_Receive
                0x000000000800140e      0x13e Drivers/STM32F1xx_HAL_Driver/Src/stm32f1xx_hal_uart.o
                0x000000000800140e                HAL_UART_Receive
 .text.UART_WaitOnFlagUntilTimeout
                0x000000000800154c       0x94 Drivers/STM32F1xx_HAL_Driver/Src/stm32f1xx_hal_uart.o
 .text.UART_SetConfig
                0x00000000080015e0      0x11c Drivers/STM32F1xx_HAL_Driver/Src/stm32f1xx_hal_uart.o
 .text.__libc_init_array
                0x00000000080016fc       0x48 d:/st/stm32cubeide_1.5.0/stm32cubeide/plugins/com.st.stm32cube.ide.mcu.externaltools.gnu-tools-for-stm32.7-2018-q2-update.win32_1.5.0.202011040924/tools/bin/../lib/gcc/arm-none-eabi/7.3.1/../../../../arm-none-eabi/lib/thumb/v7-m\libc_nano.a(lib_a-init.o)
                0x00000000080016fc                __libc_init_array
 .text.memset   0x0000000008001744       0x10 d:/st/stm32cubeide_1.5.0/stm32cubeide/plugins/com.st.stm32cube.ide.mcu.externaltools.gnu-tools-for-stm32.7-2018-q2-update.win32_1.5.0.202011040924/tools/bin/../lib/gcc/arm-none-eabi/7.3.1/../../../../arm-none-eabi/lib/thumb/v7-m\libc_nano.a(lib_a-memset.o)
                0x0000000008001744                memset
 *(.glue_7)
 .glue_7        0x0000000008001754        0x0 linker stubs
 *(.glue_7t)
 .glue_7t       0x0000000008001754        0x0 linker stubs
 *(.eh_frame)
 .eh_frame      0x0000000008001754        0x0 d:/st/stm32cubeide_1.5.0/stm32cubeide/plugins/com.st.stm32cube.ide.mcu.externaltools.gnu-tools-for-stm32.7-2018-q2-update.win32_1.5.0.202011040924/tools/bin/../lib/gcc/arm-none-eabi/7.3.1/thumb/v7-m/crtbegin.o
 *(.init)
 .init          0x0000000008001754        0x4 d:/st/stm32cubeide_1.5.0/stm32cubeide/plugins/com.st.stm32cube.ide.mcu.externaltools.gnu-tools-for-stm32.7-2018-q2-update.win32_1.5.0.202011040924/tools/bin/../lib/gcc/arm-none-eabi/7.3.1/thumb/v7-m/crti.o
                0x0000000008001754                _init
 .init          0x0000000008001758        0x8 d:/st/stm32cubeide_1.5.0/stm32cubeide/plugins/com.st.stm32cube.ide.mcu.externaltools.gnu-tools-for-stm32.7-2018-q2-update.win32_1.5.0.202011040924/tools/bin/../lib/gcc/arm-none-eabi/7.3.1/thumb/v7-m/crtn.o
 *(.fini)
 .fini          0x0000000008001760        0x4 d:/st/stm32cubeide_1.5.0/stm32cubeide/plugins/com.st.stm32cube.ide.mcu.externaltools.gnu-tools-for-stm32.7-2018-q2-update.win32_1.5.0.202011040924/tools/bin/../lib/gcc/arm-none-eabi/7.3.1/thumb/v7-m/crti.o
                0x0000000008001760                _fini
 .fini          0x0000000008001764        0x8 d:/st/stm32cubeide_1.5.0/stm32cubeide/plugins/com.st.stm32cube.ide.mcu.externaltools.gnu-tools-for-stm32.7-2018-q2-update.win32_1.5.0.202011040924/tools/bin/../lib/gcc/arm-none-eabi/7.3.1/thumb/v7-m/crtn.o
                0x000000000800176c                . = ALIGN (0x4)
                0x000000000800176c                _etext = .

.vfp11_veneer   0x000000000800176c        0x0
 .vfp11_veneer  0x000000000800176c        0x0 linker stubs

.v4_bx          0x000000000800176c        0x0
 .v4_bx         0x000000000800176c        0x0 linker stubs

.iplt           0x000000000800176c        0x0
 .iplt          0x000000000800176c        0x0 d:/st/stm32cubeide_1.5.0/stm32cubeide/plugins/com.st.stm32cube.ide.mcu.externaltools.gnu-tools-for-stm32.7-2018-q2-update.win32_1.5.0.202011040924/tools/bin/../lib/gcc/arm-none-eabi/7.3.1/thumb/v7-m/crtbegin.o

.rodata         0x000000000800176c       0x3c
                0x000000000800176c                . = ALIGN (0x4)
 *(.rodata)
 .rodata        0x000000000800176c        0xe Core/Src/main.o
 *fill*         0x000000000800177a        0x2 
 .rodata        0x000000000800177c       0x12 Drivers/STM32F1xx_HAL_Driver/Src/stm32f1xx_hal_rcc.o
 *(.rodata*)
 *fill*         0x000000000800178e        0x2 
 .rodata.AHBPrescTable
                0x0000000008001790       0x10 Core/Src/system_stm32f1xx.o
                0x0000000008001790                AHBPrescTable
 .rodata.APBPrescTable
                0x00000000080017a0        0x8 Core/Src/system_stm32f1xx.o
                0x00000000080017a0                APBPrescTable
                0x00000000080017a8                . = ALIGN (0x4)

.rel.dyn        0x00000000080017a8        0x0
 .rel.iplt      0x00000000080017a8        0x0 d:/st/stm32cubeide_1.5.0/stm32cubeide/plugins/com.st.stm32cube.ide.mcu.externaltools.gnu-tools-for-stm32.7-2018-q2-update.win32_1.5.0.202011040924/tools/bin/../lib/gcc/arm-none-eabi/7.3.1/thumb/v7-m/crtbegin.o

.ARM.extab      0x00000000080017a8        0x0
                0x00000000080017a8                . = ALIGN (0x4)
 *(.ARM.extab* .gnu.linkonce.armextab.*)
                0x00000000080017a8                . = ALIGN (0x4)

.ARM            0x00000000080017a8        0x0
                0x00000000080017a8                . = ALIGN (0x4)
                0x00000000080017a8                __exidx_start = .
 *(.ARM.exidx*)
                0x00000000080017a8                __exidx_end = .
                0x00000000080017a8                . = ALIGN (0x4)

.preinit_array  0x00000000080017a8        0x0
                0x00000000080017a8                . = ALIGN (0x4)
                0x00000000080017a8                PROVIDE (__preinit_array_start = .)
 *(.preinit_array*)
                0x00000000080017a8                PROVIDE (__preinit_array_end = .)
                0x00000000080017a8                . = ALIGN (0x4)

.init_array     0x00000000080017a8        0x4
                0x00000000080017a8                . = ALIGN (0x4)
                0x00000000080017a8                PROVIDE (__init_array_start = .)
 *(SORT_BY_NAME(.init_array.*))
 *(.init_array*)
 .init_array    0x00000000080017a8        0x4 d:/st/stm32cubeide_1.5.0/stm32cubeide/plugins/com.st.stm32cube.ide.mcu.externaltools.gnu-tools-for-stm32.7-2018-q2-update.win32_1.5.0.202011040924/tools/bin/../lib/gcc/arm-none-eabi/7.3.1/thumb/v7-m/crtbegin.o
                0x00000000080017ac                PROVIDE (__init_array_end = .)
                0x00000000080017ac                . = ALIGN (0x4)

.fini_array     0x00000000080017ac        0x4
                0x00000000080017ac                . = ALIGN (0x4)
                [!provide]                        PROVIDE (__fini_array_start = .)
 *(SORT_BY_NAME(.fini_array.*))
 *(.fini_array*)
 .fini_array    0x00000000080017ac        0x4 d:/st/stm32cubeide_1.5.0/stm32cubeide/plugins/com.st.stm32cube.ide.mcu.externaltools.gnu-tools-for-stm32.7-2018-q2-update.win32_1.5.0.202011040924/tools/bin/../lib/gcc/arm-none-eabi/7.3.1/thumb/v7-m/crtbegin.o
                [!provide]                        PROVIDE (__fini_array_end = .)
                0x00000000080017b0                . = ALIGN (0x4)
                0x00000000080017b0                _sidata = LOADADDR (.data)

.data           0x0000000020000000        0xc load address 0x00000000080017b0
                0x0000000020000000                . = ALIGN (0x4)
                0x0000000020000000                _sdata = .
 *(.data)
 *(.data*)
 .data.SystemCoreClock
                0x0000000020000000        0x4 Core/Src/system_stm32f1xx.o
                0x0000000020000000                SystemCoreClock
 .data.uwTickPrio
                0x0000000020000004        0x4 Drivers/STM32F1xx_HAL_Driver/Src/stm32f1xx_hal.o
                0x0000000020000004                uwTickPrio
 .data.uwTickFreq
                0x0000000020000008        0x1 Drivers/STM32F1xx_HAL_Driver/Src/stm32f1xx_hal.o
                0x0000000020000008                uwTickFreq
 *(.RamFunc)
 *(.RamFunc*)
                0x000000002000000c                . = ALIGN (0x4)
 *fill*         0x0000000020000009        0x3 
                0x000000002000000c                _edata = .

.igot.plt       0x000000002000000c        0x0 load address 0x00000000080017bc
 .igot.plt      0x000000002000000c        0x0 d:/st/stm32cubeide_1.5.0/stm32cubeide/plugins/com.st.stm32cube.ide.mcu.externaltools.gnu-tools-for-stm32.7-2018-q2-update.win32_1.5.0.202011040924/tools/bin/../lib/gcc/arm-none-eabi/7.3.1/thumb/v7-m/crtbegin.o
                0x000000002000000c                . = ALIGN (0x4)

.bss            0x000000002000000c       0x74 load address 0x00000000080017bc
                0x000000002000000c                _sbss = .
                0x000000002000000c                __bss_start__ = _sbss
 *(.bss)
 .bss           0x000000002000000c       0x1c d:/st/stm32cubeide_1.5.0/stm32cubeide/plugins/com.st.stm32cube.ide.mcu.externaltools.gnu-tools-for-stm32.7-2018-q2-update.win32_1.5.0.202011040924/tools/bin/../lib/gcc/arm-none-eabi/7.3.1/thumb/v7-m/crtbegin.o
 *(.bss*)
 *(COMMON)
 COMMON         0x0000000020000028       0x54 Core/Src/main.o
                0x0000000020000028                huart1
                0x0000000020000068                buf
 COMMON         0x000000002000007c        0x4 Drivers/STM32F1xx_HAL_Driver/Src/stm32f1xx_hal.o
                0x000000002000007c                uwTick
                0x0000000020000080                . = ALIGN (0x4)
                0x0000000020000080                _ebss = .
                0x0000000020000080                __bss_end__ = _ebss

._user_heap_stack
                0x0000000020000080      0x600 load address 0x00000000080017bc
                0x0000000020000080                . = ALIGN (0x8)
                [!provide]                        PROVIDE (end = .)
                0x0000000020000080                PROVIDE (_end = .)
                0x0000000020000280                . = (. + _Min_Heap_Size)
 *fill*         0x0000000020000080      0x200 
                0x0000000020000680                . = (. + _Min_Stack_Size)
 *fill*         0x0000000020000280      0x400 
                0x0000000020000680                . = ALIGN (0x8)

/DISCARD/
 libc.a(*)
 libm.a(*)
 libgcc.a(*)

.ARM.attributes
                0x0000000000000000       0x29
 *(.ARM.attributes)
 .ARM.attributes
                0x0000000000000000       0x1d d:/st/stm32cubeide_1.5.0/stm32cubeide/plugins/com.st.stm32cube.ide.mcu.externaltools.gnu-tools-for-stm32.7-2018-q2-update.win32_1.5.0.202011040924/tools/bin/../lib/gcc/arm-none-eabi/7.3.1/thumb/v7-m/crti.o
 .ARM.attributes
                0x000000000000001d       0x2d d:/st/stm32cubeide_1.5.0/stm32cubeide/plugins/com.st.stm32cube.ide.mcu.externaltools.gnu-tools-for-stm32.7-2018-q2-update.win32_1.5.0.202011040924/tools/bin/../lib/gcc/arm-none-eabi/7.3.1/thumb/v7-m/crtbegin.o
 .ARM.attributes
                0x000000000000004a       0x33 Core/Src/main.o
 .ARM.attributes
                0x000000000000007d       0x33 Core/Src/stm32f1xx_hal_msp.o
 .ARM.attributes
                0x00000000000000b0       0x33 Core/Src/stm32f1xx_it.o
 .ARM.attributes
                0x00000000000000e3       0x33 Core/Src/system_stm32f1xx.o
 .ARM.attributes
                0x0000000000000116       0x21 Core/Startup/startup_stm32f103c8tx.o
 .ARM.attributes
                0x0000000000000137       0x33 Drivers/STM32F1xx_HAL_Driver/Src/stm32f1xx_hal.o
 .ARM.attributes
                0x000000000000016a       0x33 Drivers/STM32F1xx_HAL_Driver/Src/stm32f1xx_hal_cortex.o
 .ARM.attributes
                0x000000000000019d       0x33 Drivers/STM32F1xx_HAL_Driver/Src/stm32f1xx_hal_gpio.o
 .ARM.attributes
                0x00000000000001d0       0x33 Drivers/STM32F1xx_HAL_Driver/Src/stm32f1xx_hal_rcc.o
 .ARM.attributes
                0x0000000000000203       0x33 Drivers/STM32F1xx_HAL_Driver/Src/stm32f1xx_hal_uart.o
 .ARM.attributes
                0x0000000000000236       0x2d d:/st/stm32cubeide_1.5.0/stm32cubeide/plugins/com.st.stm32cube.ide.mcu.externaltools.gnu-tools-for-stm32.7-2018-q2-update.win32_1.5.0.202011040924/tools/bin/../lib/gcc/arm-none-eabi/7.3.1/../../../../arm-none-eabi/lib/thumb/v7-m\libc_nano.a(lib_a-init.o)
 .ARM.attributes
                0x0000000000000263       0x2d d:/st/stm32cubeide_1.5.0/stm32cubeide/plugins/com.st.stm32cube.ide.mcu.externaltools.gnu-tools-for-stm32.7-2018-q2-update.win32_1.5.0.202011040924/tools/bin/../lib/gcc/arm-none-eabi/7.3.1/../../../../arm-none-eabi/lib/thumb/v7-m\libc_nano.a(lib_a-memset.o)
 .ARM.attributes
                0x0000000000000290       0x17 d:/st/stm32cubeide_1.5.0/stm32cubeide/plugins/com.st.stm32cube.ide.mcu.externaltools.gnu-tools-for-stm32.7-2018-q2-update.win32_1.5.0.202011040924/tools/bin/../lib/gcc/arm-none-eabi/7.3.1/../../../../arm-none-eabi/lib/thumb/v7-m\libc_nano.a(lib_a-strlen.o)
 .ARM.attributes
                0x00000000000002a7       0x1d d:/st/stm32cubeide_1.5.0/stm32cubeide/plugins/com.st.stm32cube.ide.mcu.externaltools.gnu-tools-for-stm32.7-2018-q2-update.win32_1.5.0.202011040924/tools/bin/../lib/gcc/arm-none-eabi/7.3.1/thumb/v7-m/crtn.o
OUTPUT(F103C8_UART.elf elf32-littlearm)

.debug_info     0x0000000000000000     0x5077
 .debug_info    0x0000000000000000     0x1055 Core/Src/main.o
 .debug_info    0x0000000000001055      0x832 Core/Src/stm32f1xx_hal_msp.o
 .debug_info    0x0000000000001887      0x20a Core/Src/stm32f1xx_it.o
 .debug_info    0x0000000000001a91      0x29a Core/Src/system_stm32f1xx.o
 .debug_info    0x0000000000001d2b       0x22 Core/Startup/startup_stm32f103c8tx.o
 .debug_info    0x0000000000001d4d      0x714 Drivers/STM32F1xx_HAL_Driver/Src/stm32f1xx_hal.o
 .debug_info    0x0000000000002461      0xb51 Drivers/STM32F1xx_HAL_Driver/Src/stm32f1xx_hal_cortex.o
 .debug_info    0x0000000000002fb2      0x69b Drivers/STM32F1xx_HAL_Driver/Src/stm32f1xx_hal_gpio.o
 .debug_info    0x000000000000364d      0x80f Drivers/STM32F1xx_HAL_Driver/Src/stm32f1xx_hal_rcc.o
 .debug_info    0x0000000000003e5c     0x121b Drivers/STM32F1xx_HAL_Driver/Src/stm32f1xx_hal_uart.o

.debug_abbrev   0x0000000000000000     0x10e2
 .debug_abbrev  0x0000000000000000      0x269 Core/Src/main.o
 .debug_abbrev  0x0000000000000269      0x18c Core/Src/stm32f1xx_hal_msp.o
 .debug_abbrev  0x00000000000003f5       0xc6 Core/Src/stm32f1xx_it.o
 .debug_abbrev  0x00000000000004bb      0x134 Core/Src/system_stm32f1xx.o
 .debug_abbrev  0x00000000000005ef       0x12 Core/Startup/startup_stm32f103c8tx.o
 .debug_abbrev  0x0000000000000601      0x1c7 Drivers/STM32F1xx_HAL_Driver/Src/stm32f1xx_hal.o
 .debug_abbrev  0x00000000000007c8      0x2d5 Drivers/STM32F1xx_HAL_Driver/Src/stm32f1xx_hal_cortex.o
 .debug_abbrev  0x0000000000000a9d      0x1c0 Drivers/STM32F1xx_HAL_Driver/Src/stm32f1xx_hal_gpio.o
 .debug_abbrev  0x0000000000000c5d      0x243 Drivers/STM32F1xx_HAL_Driver/Src/stm32f1xx_hal_rcc.o
 .debug_abbrev  0x0000000000000ea0      0x242 Drivers/STM32F1xx_HAL_Driver/Src/stm32f1xx_hal_uart.o

.debug_aranges  0x0000000000000000      0x5b8
 .debug_aranges
                0x0000000000000000       0x40 Core/Src/main.o
 .debug_aranges
                0x0000000000000040       0x30 Core/Src/stm32f1xx_hal_msp.o
 .debug_aranges
                0x0000000000000070       0x60 Core/Src/stm32f1xx_it.o
 .debug_aranges
                0x00000000000000d0       0x28 Core/Src/system_stm32f1xx.o
 .debug_aranges
                0x00000000000000f8       0x28 Core/Startup/startup_stm32f103c8tx.o
 .debug_aranges
                0x0000000000000120       0xe0 Drivers/STM32F1xx_HAL_Driver/Src/stm32f1xx_hal.o
 .debug_aranges
                0x0000000000000200      0x100 Drivers/STM32F1xx_HAL_Driver/Src/stm32f1xx_hal_cortex.o
 .debug_aranges
                0x0000000000000300       0x58 Drivers/STM32F1xx_HAL_Driver/Src/stm32f1xx_hal_gpio.o
 .debug_aranges
                0x0000000000000358       0x90 Drivers/STM32F1xx_HAL_Driver/Src/stm32f1xx_hal_rcc.o
 .debug_aranges
                0x00000000000003e8      0x1d0 Drivers/STM32F1xx_HAL_Driver/Src/stm32f1xx_hal_uart.o

.debug_ranges   0x0000000000000000      0x520
 .debug_ranges  0x0000000000000000       0x30 Core/Src/main.o
 .debug_ranges  0x0000000000000030       0x20 Core/Src/stm32f1xx_hal_msp.o
 .debug_ranges  0x0000000000000050       0x50 Core/Src/stm32f1xx_it.o
 .debug_ranges  0x00000000000000a0       0x18 Core/Src/system_stm32f1xx.o
 .debug_ranges  0x00000000000000b8       0x20 Core/Startup/startup_stm32f103c8tx.o
 .debug_ranges  0x00000000000000d8       0xd0 Drivers/STM32F1xx_HAL_Driver/Src/stm32f1xx_hal.o
 .debug_ranges  0x00000000000001a8       0xf0 Drivers/STM32F1xx_HAL_Driver/Src/stm32f1xx_hal_cortex.o
 .debug_ranges  0x0000000000000298       0x48 Drivers/STM32F1xx_HAL_Driver/Src/stm32f1xx_hal_gpio.o
 .debug_ranges  0x00000000000002e0       0x80 Drivers/STM32F1xx_HAL_Driver/Src/stm32f1xx_hal_rcc.o
 .debug_ranges  0x0000000000000360      0x1c0 Drivers/STM32F1xx_HAL_Driver/Src/stm32f1xx_hal_uart.o

.debug_macro    0x0000000000000000    0x168c5
 .debug_macro   0x0000000000000000      0x31e Core/Src/main.o
 .debug_macro   0x000000000000031e      0xa5a Core/Src/main.o
 .debug_macro   0x0000000000000d78      0x215 Core/Src/main.o
 .debug_macro   0x0000000000000f8d       0x2e Core/Src/main.o
 .debug_macro   0x0000000000000fbb       0x22 Core/Src/main.o
 .debug_macro   0x0000000000000fdd       0x22 Core/Src/main.o
 .debug_macro   0x0000000000000fff       0x8e Core/Src/main.o
 .debug_macro   0x000000000000108d       0x51 Core/Src/main.o
 .debug_macro   0x00000000000010de       0xef Core/Src/main.o
 .debug_macro   0x00000000000011cd       0x6a Core/Src/main.o
 .debug_macro   0x0000000000001237      0x1df Core/Src/main.o
 .debug_macro   0x0000000000001416       0x1c Core/Src/main.o
 .debug_macro   0x0000000000001432       0x22 Core/Src/main.o
 .debug_macro   0x0000000000001454       0xc3 Core/Src/main.o
 .debug_macro   0x0000000000001517      0xd23 Core/Src/main.o
 .debug_macro   0x000000000000223a     0xe097 Core/Src/main.o
 .debug_macro   0x00000000000102d1       0x43 Core/Src/main.o
 .debug_macro   0x0000000000010314     0x3468 Core/Src/main.o
 .debug_macro   0x000000000001377c      0x174 Core/Src/main.o
 .debug_macro   0x00000000000138f0       0x5c Core/Src/main.o
 .debug_macro   0x000000000001394c      0x5be Core/Src/main.o
 .debug_macro   0x0000000000013f0a      0x289 Core/Src/main.o
 .debug_macro   0x0000000000014193      0x1cb Core/Src/main.o
 .debug_macro   0x000000000001435e      0x114 Core/Src/main.o
 .debug_macro   0x0000000000014472      0x1b2 Core/Src/main.o
 .debug_macro   0x0000000000014624       0x27 Core/Src/main.o
 .debug_macro   0x000000000001464b      0x136 Core/Src/main.o
 .debug_macro   0x0000000000014781      0x1bc Core/Src/main.o
 .debug_macro   0x000000000001493d       0x34 Core/Src/main.o
 .debug_macro   0x0000000000014971       0x3c Core/Src/main.o
 .debug_macro   0x00000000000149ad       0x57 Core/Src/main.o
 .debug_macro   0x0000000000014a04       0x88 Core/Src/main.o
 .debug_macro   0x0000000000014a8c      0x241 Core/Src/main.o
 .debug_macro   0x0000000000014ccd      0x141 Core/Src/main.o
 .debug_macro   0x0000000000014e0e      0x26b Core/Src/main.o
 .debug_macro   0x0000000000015079       0x83 Core/Src/main.o
 .debug_macro   0x00000000000150fc       0x46 Core/Src/main.o
 .debug_macro   0x0000000000015142       0x18 Core/Src/main.o
 .debug_macro   0x000000000001515a       0x3c Core/Src/main.o
 .debug_macro   0x0000000000015196       0x34 Core/Src/main.o
 .debug_macro   0x00000000000151ca       0x52 Core/Src/main.o
 .debug_macro   0x000000000001521c       0x1f Core/Src/main.o
 .debug_macro   0x000000000001523b       0x43 Core/Src/main.o
 .debug_macro   0x000000000001527e       0x20 Core/Src/main.o
 .debug_macro   0x000000000001529e      0x1a3 Core/Src/main.o
 .debug_macro   0x0000000000015441      0x32a Core/Src/main.o
 .debug_macro   0x000000000001576b       0x10 Core/Src/main.o
 .debug_macro   0x000000000001577b       0x35 Core/Src/main.o
 .debug_macro   0x00000000000157b0       0x20 Core/Src/main.o
 .debug_macro   0x00000000000157d0       0x1c Core/Src/main.o
 .debug_macro   0x00000000000157ec       0x10 Core/Src/main.o
 .debug_macro   0x00000000000157fc       0x10 Core/Src/main.o
 .debug_macro   0x000000000001580c       0x1c Core/Src/main.o
 .debug_macro   0x0000000000015828       0x52 Core/Src/main.o
 .debug_macro   0x000000000001587a       0x40 Core/Src/main.o
 .debug_macro   0x00000000000158ba       0x10 Core/Src/main.o
 .debug_macro   0x00000000000158ca       0x40 Core/Src/main.o
 .debug_macro   0x000000000001590a       0xd7 Core/Src/main.o
 .debug_macro   0x00000000000159e1       0x1c Core/Src/main.o
 .debug_macro   0x00000000000159fd       0x3d Core/Src/main.o
 .debug_macro   0x0000000000015a3a       0x16 Core/Src/main.o
 .debug_macro   0x0000000000015a50      0x145 Core/Src/main.o
 .debug_macro   0x0000000000015b95      0x198 Core/Src/stm32f1xx_hal_msp.o
 .debug_macro   0x0000000000015d2d      0x1a2 Core/Src/stm32f1xx_it.o
 .debug_macro   0x0000000000015ecf      0x18e Core/Src/system_stm32f1xx.o
 .debug_macro   0x000000000001605d      0x1b2 Drivers/STM32F1xx_HAL_Driver/Src/stm32f1xx_hal.o
 .debug_macro   0x000000000001620f      0x18e Drivers/STM32F1xx_HAL_Driver/Src/stm32f1xx_hal_cortex.o
 .debug_macro   0x000000000001639d      0x1f9 Drivers/STM32F1xx_HAL_Driver/Src/stm32f1xx_hal_gpio.o
 .debug_macro   0x0000000000016596      0x1a0 Drivers/STM32F1xx_HAL_Driver/Src/stm32f1xx_hal_rcc.o
 .debug_macro   0x0000000000016736      0x18f Drivers/STM32F1xx_HAL_Driver/Src/stm32f1xx_hal_uart.o

.debug_line     0x0000000000000000     0x4e9f
 .debug_line    0x0000000000000000      0x8d1 Core/Src/main.o
 .debug_line    0x00000000000008d1      0x678 Core/Src/stm32f1xx_hal_msp.o
 .debug_line    0x0000000000000f49      0x6ee Core/Src/stm32f1xx_it.o
 .debug_line    0x0000000000001637      0x66e Core/Src/system_stm32f1xx.o
 .debug_line    0x0000000000001ca5       0x84 Core/Startup/startup_stm32f103c8tx.o
 .debug_line    0x0000000000001d29      0x821 Drivers/STM32F1xx_HAL_Driver/Src/stm32f1xx_hal.o
 .debug_line    0x000000000000254a      0x8f8 Drivers/STM32F1xx_HAL_Driver/Src/stm32f1xx_hal_cortex.o
 .debug_line    0x0000000000002e42      0x81d Drivers/STM32F1xx_HAL_Driver/Src/stm32f1xx_hal_gpio.o
 .debug_line    0x000000000000365f      0x8e1 Drivers/STM32F1xx_HAL_Driver/Src/stm32f1xx_hal_rcc.o
 .debug_line    0x0000000000003f40      0xf5f Drivers/STM32F1xx_HAL_Driver/Src/stm32f1xx_hal_uart.o

.debug_str      0x0000000000000000    0x819fa
 .debug_str     0x0000000000000000    0x804b9 Core/Src/main.o
                                      0x808a5 (size before relaxing)
 .debug_str     0x00000000000804b9       0xc7 Core/Src/stm32f1xx_hal_msp.o
                                      0x7c688 (size before relaxing)
 .debug_str     0x0000000000080580       0xbd Core/Src/stm32f1xx_it.o
                                      0x7c29d (size before relaxing)
 .debug_str     0x000000000008063d       0x52 Core/Src/system_stm32f1xx.o
                                      0x7c26d (size before relaxing)
 .debug_str     0x000000000008068f       0x36 Core/Startup/startup_stm32f103c8tx.o
                                         0x62 (size before relaxing)
 .debug_str     0x00000000000806c5      0x568 Drivers/STM32F1xx_HAL_Driver/Src/stm32f1xx_hal.o
                                      0x7c8fe (size before relaxing)
 .debug_str     0x0000000000080c2d      0x300 Drivers/STM32F1xx_HAL_Driver/Src/stm32f1xx_hal_cortex.o
                                      0x7c906 (size before relaxing)
 .debug_str     0x0000000000080f2d      0x340 Drivers/STM32F1xx_HAL_Driver/Src/stm32f1xx_hal_gpio.o
                                      0x7c631 (size before relaxing)
 .debug_str     0x000000000008126d      0x24f Drivers/STM32F1xx_HAL_Driver/Src/stm32f1xx_hal_rcc.o
                                      0x7c66a (size before relaxing)
 .debug_str     0x00000000000814bc      0x53e Drivers/STM32F1xx_HAL_Driver/Src/stm32f1xx_hal_uart.o
                                      0x7cb70 (size before relaxing)

.comment        0x0000000000000000       0x7b
 .comment       0x0000000000000000       0x7b Core/Src/main.o
                                         0x7c (size before relaxing)
 .comment       0x000000000000007b       0x7c Core/Src/stm32f1xx_hal_msp.o
 .comment       0x000000000000007b       0x7c Core/Src/stm32f1xx_it.o
 .comment       0x000000000000007b       0x7c Core/Src/system_stm32f1xx.o
 .comment       0x000000000000007b       0x7c Drivers/STM32F1xx_HAL_Driver/Src/stm32f1xx_hal.o
 .comment       0x000000000000007b       0x7c Drivers/STM32F1xx_HAL_Driver/Src/stm32f1xx_hal_cortex.o
 .comment       0x000000000000007b       0x7c Drivers/STM32F1xx_HAL_Driver/Src/stm32f1xx_hal_gpio.o
 .comment       0x000000000000007b       0x7c Drivers/STM32F1xx_HAL_Driver/Src/stm32f1xx_hal_rcc.o
 .comment       0x000000000000007b       0x7c Drivers/STM32F1xx_HAL_Driver/Src/stm32f1xx_hal_uart.o

.debug_frame    0x0000000000000000     0x15d0
 .debug_frame   0x0000000000000000       0xb0 Core/Src/main.o
 .debug_frame   0x00000000000000b0       0x80 Core/Src/stm32f1xx_hal_msp.o
 .debug_frame   0x0000000000000130      0x104 Core/Src/stm32f1xx_it.o
 .debug_frame   0x0000000000000234       0x58 Core/Src/system_stm32f1xx.o
 .debug_frame   0x000000000000028c      0x334 Drivers/STM32F1xx_HAL_Driver/Src/stm32f1xx_hal.o
 .debug_frame   0x00000000000005c0      0x428 Drivers/STM32F1xx_HAL_Driver/Src/stm32f1xx_hal_cortex.o
 .debug_frame   0x00000000000009e8      0x14c Drivers/STM32F1xx_HAL_Driver/Src/stm32f1xx_hal_gpio.o
 .debug_frame   0x0000000000000b34      0x21c Drivers/STM32F1xx_HAL_Driver/Src/stm32f1xx_hal_rcc.o
 .debug_frame   0x0000000000000d50      0x834 Drivers/STM32F1xx_HAL_Driver/Src/stm32f1xx_hal_uart.o
 .debug_frame   0x0000000000001584       0x2c d:/st/stm32cubeide_1.5.0/stm32cubeide/plugins/com.st.stm32cube.ide.mcu.externaltools.gnu-tools-for-stm32.7-2018-q2-update.win32_1.5.0.202011040924/tools/bin/../lib/gcc/arm-none-eabi/7.3.1/../../../../arm-none-eabi/lib/thumb/v7-m\libc_nano.a(lib_a-init.o)
 .debug_frame   0x00000000000015b0       0x20 d:/st/stm32cubeide_1.5.0/stm32cubeide/plugins/com.st.stm32cube.ide.mcu.externaltools.gnu-tools-for-stm32.7-2018-q2-update.win32_1.5.0.202011040924/tools/bin/../lib/gcc/arm-none-eabi/7.3.1/../../../../arm-none-eabi/lib/thumb/v7-m\libc_nano.a(lib_a-memset.o)
